mode: set
github.com/CheeziCrew/fondue/graph/exec.go:11.55,14.50 3 0
github.com/CheeziCrew/fondue/graph/exec.go:14.50,16.3 1 0
github.com/CheeziCrew/fondue/graph/exec.go:17.2,17.12 1 0
github.com/CheeziCrew/fondue/graph/exec.go:20.40,23.2 2 0
github.com/CheeziCrew/fondue/graph/exec.go:29.35,31.2 1 1
github.com/CheeziCrew/fondue/graph/graph.go:15.34,21.23 6 1
github.com/CheeziCrew/fondue/graph/graph.go:21.23,23.3 1 1
github.com/CheeziCrew/fondue/graph/graph.go:24.2,28.46 5 1
github.com/CheeziCrew/fondue/graph/graph.go:31.50,33.31 2 1
github.com/CheeziCrew/fondue/graph/graph.go:33.31,34.72 1 1
github.com/CheeziCrew/fondue/graph/graph.go:34.72,36.4 1 1
github.com/CheeziCrew/fondue/graph/graph.go:38.2,38.10 1 1
github.com/CheeziCrew/fondue/graph/graph.go:41.62,42.18 1 1
github.com/CheeziCrew/fondue/graph/graph.go:42.18,44.3 1 1
github.com/CheeziCrew/fondue/graph/graph.go:45.2,46.42 2 1
github.com/CheeziCrew/fondue/graph/graph.go:49.34,61.2 11 1
github.com/CheeziCrew/fondue/graph/graph.go:63.116,64.31 1 1
github.com/CheeziCrew/fondue/graph/graph.go:64.31,69.50 5 1
github.com/CheeziCrew/fondue/graph/graph.go:69.50,71.4 1 1
github.com/CheeziCrew/fondue/graph/graph.go:72.3,73.47 2 1
github.com/CheeziCrew/fondue/graph/graph.go:73.47,76.4 2 1
github.com/CheeziCrew/fondue/graph/graph.go:77.3,77.128 1 1
github.com/CheeziCrew/fondue/graph/graph.go:81.101,83.23 2 1
github.com/CheeziCrew/fondue/graph/graph.go:83.23,85.3 1 1
github.com/CheeziCrew/fondue/graph/graph.go:86.2,86.65 1 1
github.com/CheeziCrew/fondue/graph/graph.go:86.65,88.3 1 1
github.com/CheeziCrew/fondue/graph/graph.go:89.2,89.14 1 1
github.com/CheeziCrew/fondue/graph/graph.go:92.114,95.31 3 1
github.com/CheeziCrew/fondue/graph/graph.go:95.31,99.3 3 1
github.com/CheeziCrew/fondue/graph/graph.go:100.2,100.18 1 1
github.com/CheeziCrew/fondue/graph/graph.go:103.127,104.41 1 1
github.com/CheeziCrew/fondue/graph/graph.go:104.41,106.19 2 1
github.com/CheeziCrew/fondue/graph/graph.go:106.19,108.4 1 1
github.com/CheeziCrew/fondue/graph/graph.go:108.9,112.4 3 1
github.com/CheeziCrew/fondue/graph/graph.go:116.64,117.25 1 1
github.com/CheeziCrew/fondue/graph/graph.go:117.25,119.3 1 1
github.com/CheeziCrew/fondue/graph/graph.go:120.2,123.29 4 1
github.com/CheeziCrew/fondue/graph/graph.go:123.29,125.3 1 1
github.com/CheeziCrew/fondue/graph/graph.go:126.2,126.24 1 1
github.com/CheeziCrew/fondue/graph/graph.go:131.98,138.2 6 1
github.com/CheeziCrew/fondue/graph/graph.go:145.80,147.26 2 1
github.com/CheeziCrew/fondue/graph/graph.go:147.26,149.3 1 1
github.com/CheeziCrew/fondue/graph/graph.go:150.2,150.15 1 1
github.com/CheeziCrew/fondue/graph/graph.go:153.116,155.41 2 1
github.com/CheeziCrew/fondue/graph/graph.go:155.41,156.78 1 1
github.com/CheeziCrew/fondue/graph/graph.go:156.78,159.4 2 1
github.com/CheeziCrew/fondue/graph/graph.go:161.2,161.39 1 1
github.com/CheeziCrew/fondue/graph/graph.go:161.39,162.20 1 1
github.com/CheeziCrew/fondue/graph/graph.go:162.20,165.4 2 1
github.com/CheeziCrew/fondue/graph/graph.go:167.2,167.18 1 1
github.com/CheeziCrew/fondue/graph/graph.go:172.115,178.21 5 1
github.com/CheeziCrew/fondue/graph/graph.go:178.21,182.24 3 1
github.com/CheeziCrew/fondue/graph/graph.go:182.24,183.12 1 1
github.com/CheeziCrew/fondue/graph/graph.go:186.3,187.17 2 1
github.com/CheeziCrew/fondue/graph/graph.go:187.17,188.12 1 1
github.com/CheeziCrew/fondue/graph/graph.go:191.3,191.77 1 1
github.com/CheeziCrew/fondue/graph/graph.go:194.2,195.31 2 1
github.com/CheeziCrew/fondue/graph/graph.go:195.31,196.24 1 1
github.com/CheeziCrew/fondue/graph/graph.go:196.24,198.4 1 1
github.com/CheeziCrew/fondue/graph/graph.go:200.2,200.15 1 1
github.com/CheeziCrew/fondue/graph/graph.go:205.107,206.43 1 1
github.com/CheeziCrew/fondue/graph/graph.go:206.43,208.3 1 1
github.com/CheeziCrew/fondue/graph/graph.go:210.2,216.16 5 1
github.com/CheeziCrew/fondue/graph/graph.go:216.16,218.3 1 0
github.com/CheeziCrew/fondue/graph/graph.go:219.2,221.60 2 1
github.com/CheeziCrew/fondue/graph/graph.go:221.60,224.3 2 1
github.com/CheeziCrew/fondue/graph/graph.go:226.2,226.49 1 1
github.com/CheeziCrew/fondue/graph/graph.go:226.49,228.3 1 1
github.com/CheeziCrew/fondue/graph/graph.go:230.2,230.28 1 1
