mode: set
github.com/CheeziCrew/fondue/tui/screens/explore.go:65.101,75.2 3 1
github.com/CheeziCrew/fondue/tui/screens/explore.go:77.38,77.52 1 1
github.com/CheeziCrew/fondue/tui/screens/explore.go:79.67,80.27 1 1
github.com/CheeziCrew/fondue/tui/screens/explore.go:81.25,85.16 4 1
github.com/CheeziCrew/fondue/tui/screens/explore.go:87.23,88.57 1 1
github.com/CheeziCrew/fondue/tui/screens/explore.go:88.57,90.4 1 1
github.com/CheeziCrew/fondue/tui/screens/explore.go:93.2,93.16 1 1
github.com/CheeziCrew/fondue/tui/screens/explore.go:94.19,95.41 1 1
github.com/CheeziCrew/fondue/tui/screens/explore.go:96.21,97.43 1 1
github.com/CheeziCrew/fondue/tui/screens/explore.go:100.2,100.15 1 1
github.com/CheeziCrew/fondue/tui/screens/explore.go:103.90,104.22 1 1
github.com/CheeziCrew/fondue/tui/screens/explore.go:105.11,106.45 1 1
github.com/CheeziCrew/fondue/tui/screens/explore.go:106.45,107.29 1 1
github.com/CheeziCrew/fondue/tui/screens/explore.go:107.29,107.55 1 1
github.com/CheeziCrew/fondue/tui/screens/explore.go:109.13,110.26 1 1
github.com/CheeziCrew/fondue/tui/screens/explore.go:112.2,112.22 1 1
github.com/CheeziCrew/fondue/tui/screens/explore.go:115.68,116.29 1 1
github.com/CheeziCrew/fondue/tui/screens/explore.go:116.29,117.18 1 1
github.com/CheeziCrew/fondue/tui/screens/explore.go:117.18,120.4 2 1
github.com/CheeziCrew/fondue/tui/screens/explore.go:121.3,121.22 1 1
github.com/CheeziCrew/fondue/tui/screens/explore.go:123.2,123.44 1 1
github.com/CheeziCrew/fondue/tui/screens/explore.go:123.44,124.28 1 1
github.com/CheeziCrew/fondue/tui/screens/explore.go:124.28,124.54 1 1
github.com/CheeziCrew/fondue/tui/screens/explore.go:126.2,126.22 1 1
github.com/CheeziCrew/fondue/tui/screens/explore.go:129.37,130.16 1 1
github.com/CheeziCrew/fondue/tui/screens/explore.go:131.21,132.25 1 1
github.com/CheeziCrew/fondue/tui/screens/explore.go:133.10,134.23 1 1
github.com/CheeziCrew/fondue/tui/screens/explore.go:138.34,143.2 1 1
github.com/CheeziCrew/fondue/tui/screens/explore.go:145.38,146.26 1 1
github.com/CheeziCrew/fondue/tui/screens/explore.go:146.26,148.3 1 1
github.com/CheeziCrew/fondue/tui/screens/explore.go:149.2,153.13 5 1
github.com/CheeziCrew/fondue/tui/screens/explore.go:162.43,164.47 2 1
github.com/CheeziCrew/fondue/tui/screens/explore.go:164.47,166.3 1 1
github.com/CheeziCrew/fondue/tui/screens/explore.go:167.2,167.45 1 1
github.com/CheeziCrew/fondue/tui/screens/explore.go:167.45,169.3 1 1
github.com/CheeziCrew/fondue/tui/screens/explore.go:170.2,170.33 1 1
github.com/CheeziCrew/fondue/tui/screens/explore.go:177.67,177.79 1 1
github.com/CheeziCrew/fondue/tui/screens/explore.go:178.67,178.79 1 1
github.com/CheeziCrew/fondue/tui/screens/explore.go:179.67,179.81 1 1
github.com/CheeziCrew/fondue/tui/screens/explore.go:185.46,197.2 1 1
github.com/CheeziCrew/fondue/tui/screens/explore.go:199.48,210.2 1 1
github.com/CheeziCrew/fondue/tui/screens/explore.go:212.135,217.13 4 1
github.com/CheeziCrew/fondue/tui/screens/explore.go:217.13,219.15 2 1
github.com/CheeziCrew/fondue/tui/screens/explore.go:219.15,221.4 1 1
github.com/CheeziCrew/fondue/tui/screens/explore.go:222.3,222.45 1 1
github.com/CheeziCrew/fondue/tui/screens/explore.go:224.2,224.12 1 1
github.com/CheeziCrew/fondue/tui/screens/explore.go:224.12,226.15 2 1
github.com/CheeziCrew/fondue/tui/screens/explore.go:226.15,228.4 1 1
github.com/CheeziCrew/fondue/tui/screens/explore.go:229.3,229.44 1 1
github.com/CheeziCrew/fondue/tui/screens/explore.go:231.2,231.25 1 1
github.com/CheeziCrew/fondue/tui/screens/explore.go:231.25,233.3 1 1
github.com/CheeziCrew/fondue/tui/screens/explore.go:235.2,235.77 1 1
github.com/CheeziCrew/fondue/tui/screens/explore.go:235.77,237.15 2 1
github.com/CheeziCrew/fondue/tui/screens/explore.go:237.15,239.4 1 1
github.com/CheeziCrew/fondue/tui/screens/explore.go:240.3,240.78 1 1
github.com/CheeziCrew/fondue/tui/screens/explore.go:243.2,243.15 1 1
github.com/CheeziCrew/fondue/tui/screens/explore.go:246.160,248.15 2 1
github.com/CheeziCrew/fondue/tui/screens/explore.go:248.15,250.3 1 1
github.com/CheeziCrew/fondue/tui/screens/explore.go:251.2,252.74 2 1
github.com/CheeziCrew/fondue/tui/screens/explore.go:255.59,256.25 1 1
github.com/CheeziCrew/fondue/tui/screens/explore.go:256.25,259.3 2 1
github.com/CheeziCrew/fondue/tui/screens/explore.go:260.2,260.14 1 1
github.com/CheeziCrew/fondue/tui/screens/explore.go:263.91,265.9 2 1
github.com/CheeziCrew/fondue/tui/screens/explore.go:265.9,267.3 1 0
github.com/CheeziCrew/fondue/tui/screens/explore.go:269.2,274.14 5 1
github.com/CheeziCrew/fondue/tui/screens/explore.go:274.14,276.3 1 1
github.com/CheeziCrew/fondue/tui/screens/explore.go:278.2,284.31 5 1
github.com/CheeziCrew/fondue/tui/screens/explore.go:284.31,287.3 2 1
github.com/CheeziCrew/fondue/tui/screens/explore.go:288.2,288.31 1 1
github.com/CheeziCrew/fondue/tui/screens/explore.go:288.31,291.3 2 1
github.com/CheeziCrew/fondue/tui/screens/explore.go:293.2,294.55 2 1
github.com/CheeziCrew/fondue/tui/screens/explore.go:297.108,302.25 4 1
github.com/CheeziCrew/fondue/tui/screens/explore.go:302.25,303.38 1 1
github.com/CheeziCrew/fondue/tui/screens/explore.go:303.38,305.4 1 1
github.com/CheeziCrew/fondue/tui/screens/explore.go:306.8,308.3 1 1
github.com/CheeziCrew/fondue/tui/screens/explore.go:310.2,311.29 2 1
github.com/CheeziCrew/fondue/tui/screens/explore.go:311.29,314.12 3 1
github.com/CheeziCrew/fondue/tui/screens/explore.go:314.12,316.4 1 1
github.com/CheeziCrew/fondue/tui/screens/explore.go:317.3,319.43 2 1
github.com/CheeziCrew/fondue/tui/screens/explore.go:319.43,321.9 2 1
github.com/CheeziCrew/fondue/tui/screens/explore.go:323.3,323.12 1 1
github.com/CheeziCrew/fondue/tui/screens/explore.go:323.12,325.4 1 1
github.com/CheeziCrew/fondue/tui/screens/explore.go:326.3,326.19 1 1
github.com/CheeziCrew/fondue/tui/screens/explore.go:328.2,328.15 1 1
github.com/CheeziCrew/fondue/tui/screens/explore.go:331.50,334.29 3 1
github.com/CheeziCrew/fondue/tui/screens/explore.go:334.29,335.39 1 1
github.com/CheeziCrew/fondue/tui/screens/explore.go:335.39,337.4 1 1
github.com/CheeziCrew/fondue/tui/screens/explore.go:339.2,339.17 1 1
github.com/CheeziCrew/fondue/tui/screens/explore.go:344.61,347.28 3 1
github.com/CheeziCrew/fondue/tui/screens/explore.go:347.28,352.3 1 1
github.com/CheeziCrew/fondue/tui/screens/explore.go:353.2,353.14 1 1
github.com/CheeziCrew/fondue/tui/screens/explore.go:356.103,358.29 2 1
github.com/CheeziCrew/fondue/tui/screens/explore.go:358.29,360.3 1 1
github.com/CheeziCrew/fondue/tui/screens/explore.go:362.2,374.10 8 1
github.com/CheeziCrew/fondue/tui/screens/explore.go:377.83,378.27 1 1
github.com/CheeziCrew/fondue/tui/screens/explore.go:379.23,380.45 1 1
github.com/CheeziCrew/fondue/tui/screens/explore.go:380.45,381.9 1 1
github.com/CheeziCrew/fondue/tui/screens/explore.go:383.3,383.23 1 1
github.com/CheeziCrew/fondue/tui/screens/explore.go:384.16,385.59 1 1
github.com/CheeziCrew/fondue/tui/screens/explore.go:385.59,390.5 4 1
github.com/CheeziCrew/fondue/tui/screens/explore.go:394.2,396.15 3 1
github.com/CheeziCrew/fondue/tui/screens/explore.go:401.54,404.23 3 1
github.com/CheeziCrew/fondue/tui/screens/explore.go:404.23,406.3 1 1
github.com/CheeziCrew/fondue/tui/screens/explore.go:407.2,417.19 7 1
github.com/CheeziCrew/fondue/tui/screens/explore.go:420.83,421.30 1 1
github.com/CheeziCrew/fondue/tui/screens/explore.go:421.30,422.35 1 1
github.com/CheeziCrew/fondue/tui/screens/explore.go:422.35,424.4 1 1
github.com/CheeziCrew/fondue/tui/screens/explore.go:426.2,426.11 1 1
github.com/CheeziCrew/fondue/tui/screens/explore.go:429.145,431.14 2 1
github.com/CheeziCrew/fondue/tui/screens/explore.go:431.14,434.3 2 1
github.com/CheeziCrew/fondue/tui/screens/explore.go:434.8,434.23 1 1
github.com/CheeziCrew/fondue/tui/screens/explore.go:434.23,437.3 2 1
github.com/CheeziCrew/fondue/tui/screens/explore.go:437.8,440.3 2 1
github.com/CheeziCrew/fondue/tui/screens/explore.go:442.2,442.17 1 1
github.com/CheeziCrew/fondue/tui/screens/explore.go:442.17,444.3 1 1
github.com/CheeziCrew/fondue/tui/screens/explore.go:445.2,445.16 1 1
github.com/CheeziCrew/fondue/tui/screens/explore.go:445.16,447.3 1 1
github.com/CheeziCrew/fondue/tui/screens/explore.go:448.2,448.29 1 1
github.com/CheeziCrew/fondue/tui/screens/explore.go:451.72,462.19 4 1
github.com/CheeziCrew/fondue/tui/screens/explore.go:462.19,465.3 2 1
github.com/CheeziCrew/fondue/tui/screens/explore.go:467.2,468.41 2 1
github.com/CheeziCrew/fondue/tui/screens/explore.go:468.41,473.3 4 1
github.com/CheeziCrew/fondue/tui/screens/explore.go:474.2,474.19 1 1
github.com/CheeziCrew/fondue/tui/screens/explore.go:477.138,479.14 2 1
github.com/CheeziCrew/fondue/tui/screens/explore.go:479.14,482.3 2 1
github.com/CheeziCrew/fondue/tui/screens/explore.go:482.8,485.3 2 1
github.com/CheeziCrew/fondue/tui/screens/explore.go:486.2,487.29 2 1
github.com/CheeziCrew/fondue/tui/screens/explore.go:490.71,501.18 4 1
github.com/CheeziCrew/fondue/tui/screens/explore.go:501.18,504.3 2 1
github.com/CheeziCrew/fondue/tui/screens/explore.go:506.2,508.39 3 1
github.com/CheeziCrew/fondue/tui/screens/explore.go:508.39,511.3 2 1
github.com/CheeziCrew/fondue/tui/screens/explore.go:512.2,512.19 1 1
github.com/CheeziCrew/fondue/tui/screens/explore.go:515.48,516.20 1 1
github.com/CheeziCrew/fondue/tui/screens/explore.go:516.20,518.3 1 1
github.com/CheeziCrew/fondue/tui/screens/explore.go:519.2,519.30 1 1
github.com/CheeziCrew/fondue/tui/screens/explore.go:522.50,527.2 4 1
github.com/CheeziCrew/fondue/tui/screens/explore.go:529.48,531.25 2 1
github.com/CheeziCrew/fondue/tui/screens/explore.go:531.25,533.3 1 1
github.com/CheeziCrew/fondue/tui/screens/explore.go:534.2,542.25 3 1
github.com/CheeziCrew/fondue/tui/screens/explore.go:542.25,544.46 2 1
github.com/CheeziCrew/fondue/tui/screens/explore.go:544.46,546.4 1 0
github.com/CheeziCrew/fondue/tui/screens/explore.go:547.3,547.60 1 1
github.com/CheeziCrew/fondue/tui/screens/explore.go:549.2,549.15 1 1
github.com/CheeziCrew/fondue/tui/screens/explore.go:552.42,554.16 2 1
github.com/CheeziCrew/fondue/tui/screens/explore.go:554.16,556.3 1 1
github.com/CheeziCrew/fondue/tui/screens/explore.go:558.2,568.58 8 1
github.com/CheeziCrew/fondue/tui/screens/explore.go:571.116,572.29 1 1
github.com/CheeziCrew/fondue/tui/screens/explore.go:572.29,574.3 1 1
github.com/CheeziCrew/fondue/tui/screens/explore.go:576.2,577.22 2 1
github.com/CheeziCrew/fondue/tui/screens/explore.go:577.22,579.3 1 1
github.com/CheeziCrew/fondue/tui/screens/explore.go:580.2,581.43 2 1
github.com/CheeziCrew/fondue/tui/screens/explore.go:581.43,583.3 1 1
github.com/CheeziCrew/fondue/tui/screens/explore.go:585.2,585.41 1 1
github.com/CheeziCrew/fondue/tui/screens/explore.go:585.41,587.3 1 1
github.com/CheeziCrew/fondue/tui/screens/explore.go:589.2,589.83 1 1
github.com/CheeziCrew/fondue/tui/screens/explore.go:592.132,593.23 1 1
github.com/CheeziCrew/fondue/tui/screens/explore.go:593.23,595.3 1 1
github.com/CheeziCrew/fondue/tui/screens/explore.go:597.2,598.22 2 1
github.com/CheeziCrew/fondue/tui/screens/explore.go:598.22,600.3 1 1
github.com/CheeziCrew/fondue/tui/screens/explore.go:602.2,602.47 1 1
github.com/CheeziCrew/fondue/tui/screens/explore.go:602.47,603.30 1 1
github.com/CheeziCrew/fondue/tui/screens/explore.go:603.30,604.12 1 1
github.com/CheeziCrew/fondue/tui/screens/explore.go:606.3,607.25 2 1
github.com/CheeziCrew/fondue/tui/screens/explore.go:607.25,608.12 1 1
github.com/CheeziCrew/fondue/tui/screens/explore.go:610.3,610.39 1 1
github.com/CheeziCrew/fondue/tui/screens/explore.go:610.39,612.4 1 1
github.com/CheeziCrew/fondue/tui/screens/explore.go:613.3,613.87 1 1
github.com/CheeziCrew/fondue/tui/screens/explore.go:615.2,615.11 1 1
github.com/CheeziCrew/fondue/tui/screens/explore.go:618.113,620.37 2 1
github.com/CheeziCrew/fondue/tui/screens/explore.go:620.37,621.37 1 1
github.com/CheeziCrew/fondue/tui/screens/explore.go:621.37,623.4 1 1
github.com/CheeziCrew/fondue/tui/screens/explore.go:625.2,625.12 1 1
github.com/CheeziCrew/fondue/tui/screens/explore.go:628.74,630.2 1 1
github.com/CheeziCrew/fondue/tui/screens/explore.go:632.85,633.27 1 1
github.com/CheeziCrew/fondue/tui/screens/explore.go:634.23,635.21 1 1
github.com/CheeziCrew/fondue/tui/screens/explore.go:635.21,637.4 1 1
github.com/CheeziCrew/fondue/tui/screens/explore.go:638.3,638.36 1 1
github.com/CheeziCrew/fondue/tui/screens/explore.go:639.24,640.42 1 1
github.com/CheeziCrew/fondue/tui/screens/explore.go:642.2,642.15 1 1
github.com/CheeziCrew/fondue/tui/screens/explore.go:645.82,646.22 1 1
github.com/CheeziCrew/fondue/tui/screens/explore.go:647.15,649.23 2 1
github.com/CheeziCrew/fondue/tui/screens/explore.go:649.23,650.63 1 1
github.com/CheeziCrew/fondue/tui/screens/explore.go:650.63,652.5 1 1
github.com/CheeziCrew/fondue/tui/screens/explore.go:654.3,656.28 3 1
github.com/CheeziCrew/fondue/tui/screens/explore.go:656.28,661.4 1 1
github.com/CheeziCrew/fondue/tui/screens/explore.go:662.13,665.16 3 1
github.com/CheeziCrew/fondue/tui/screens/explore.go:666.19,667.26 1 1
github.com/CheeziCrew/fondue/tui/screens/explore.go:667.26,669.4 1 1
github.com/CheeziCrew/fondue/tui/screens/explore.go:670.3,670.16 1 1
github.com/CheeziCrew/fondue/tui/screens/explore.go:671.10,673.51 2 1
github.com/CheeziCrew/fondue/tui/screens/explore.go:673.51,675.4 1 1
github.com/CheeziCrew/fondue/tui/screens/explore.go:676.3,676.16 1 1
github.com/CheeziCrew/fondue/tui/screens/explore.go:680.86,683.22 2 1
github.com/CheeziCrew/fondue/tui/screens/explore.go:684.19,685.18 1 1
github.com/CheeziCrew/fondue/tui/screens/explore.go:685.18,688.4 2 1
github.com/CheeziCrew/fondue/tui/screens/explore.go:689.3,689.16 1 1
github.com/CheeziCrew/fondue/tui/screens/explore.go:690.17,691.25 1 1
github.com/CheeziCrew/fondue/tui/screens/explore.go:691.25,693.4 1 1
github.com/CheeziCrew/fondue/tui/screens/explore.go:694.3,694.16 1 1
github.com/CheeziCrew/fondue/tui/screens/explore.go:695.19,696.34 1 1
github.com/CheeziCrew/fondue/tui/screens/explore.go:696.34,698.4 1 1
github.com/CheeziCrew/fondue/tui/screens/explore.go:699.3,699.16 1 1
github.com/CheeziCrew/fondue/tui/screens/explore.go:700.11,704.16 4 1
github.com/CheeziCrew/fondue/tui/screens/explore.go:705.15,706.35 1 1
github.com/CheeziCrew/fondue/tui/screens/explore.go:708.2,708.15 1 1
github.com/CheeziCrew/fondue/tui/screens/explore.go:711.53,713.22 2 1
github.com/CheeziCrew/fondue/tui/screens/explore.go:713.22,715.3 1 1
github.com/CheeziCrew/fondue/tui/screens/explore.go:716.2,716.28 1 1
github.com/CheeziCrew/fondue/tui/screens/explore.go:716.28,717.39 1 1
github.com/CheeziCrew/fondue/tui/screens/explore.go:717.39,722.4 4 1
github.com/CheeziCrew/fondue/tui/screens/explore.go:724.2,724.10 1 1
github.com/CheeziCrew/fondue/tui/screens/explore.go:727.77,728.20 1 1
github.com/CheeziCrew/fondue/tui/screens/explore.go:728.20,730.3 1 1
github.com/CheeziCrew/fondue/tui/screens/explore.go:730.8,732.3 1 1
github.com/CheeziCrew/fondue/tui/screens/explore.go:733.2,733.10 1 1
github.com/CheeziCrew/fondue/tui/screens/explore.go:736.49,741.32 4 1
github.com/CheeziCrew/fondue/tui/screens/explore.go:741.32,743.3 1 1
github.com/CheeziCrew/fondue/tui/screens/explore.go:745.2,746.33 2 1
github.com/CheeziCrew/fondue/tui/screens/explore.go:746.33,748.3 1 1
github.com/CheeziCrew/fondue/tui/screens/explore.go:749.2,749.11 1 1
github.com/CheeziCrew/fondue/tui/screens/menu.go:11.31,27.2 1 1
github.com/CheeziCrew/fondue/tui/screens/stale.go:23.97,26.29 3 1
github.com/CheeziCrew/fondue/tui/screens/stale.go:26.29,30.3 3 1
github.com/CheeziCrew/fondue/tui/screens/stale.go:31.2,31.10 1 1
github.com/CheeziCrew/fondue/tui/screens/stale.go:34.36,34.50 1 1
github.com/CheeziCrew/fondue/tui/screens/stale.go:36.63,37.27 1 1
github.com/CheeziCrew/fondue/tui/screens/stale.go:38.25,41.19 3 1
github.com/CheeziCrew/fondue/tui/screens/stale.go:41.19,45.4 3 1
github.com/CheeziCrew/fondue/tui/screens/stale.go:45.9,48.4 2 1
github.com/CheeziCrew/fondue/tui/screens/stale.go:49.3,49.16 1 1
github.com/CheeziCrew/fondue/tui/screens/stale.go:51.23,52.23 1 1
github.com/CheeziCrew/fondue/tui/screens/stale.go:53.19,54.29 1 1
github.com/CheeziCrew/fondue/tui/screens/stale.go:54.29,54.55 1 1
github.com/CheeziCrew/fondue/tui/screens/stale.go:58.2,58.17 1 1
github.com/CheeziCrew/fondue/tui/screens/stale.go:58.17,62.3 3 1
github.com/CheeziCrew/fondue/tui/screens/stale.go:63.2,63.15 1 1
github.com/CheeziCrew/fondue/tui/screens/stale.go:66.35,67.18 1 1
github.com/CheeziCrew/fondue/tui/screens/stale.go:67.18,69.3 1 1
github.com/CheeziCrew/fondue/tui/screens/stale.go:71.2,74.65 3 1
github.com/CheeziCrew/fondue/tui/screens/stale.go:74.65,76.3 1 1
github.com/CheeziCrew/fondue/tui/screens/stale.go:77.2,79.55 2 1
github.com/CheeziCrew/fondue/tui/screens/stale.go:89.91,91.31 2 1
github.com/CheeziCrew/fondue/tui/screens/stale.go:91.31,93.3 1 1
github.com/CheeziCrew/fondue/tui/screens/stale.go:94.2,94.16 1 1
github.com/CheeziCrew/fondue/tui/screens/stale.go:97.119,99.41 2 1
github.com/CheeziCrew/fondue/tui/screens/stale.go:99.41,100.30 1 1
github.com/CheeziCrew/fondue/tui/screens/stale.go:100.30,101.12 1 1
github.com/CheeziCrew/fondue/tui/screens/stale.go:103.3,104.23 2 1
github.com/CheeziCrew/fondue/tui/screens/stale.go:104.23,105.12 1 1
github.com/CheeziCrew/fondue/tui/screens/stale.go:107.3,108.44 2 1
github.com/CheeziCrew/fondue/tui/screens/stale.go:108.44,109.12 1 1
github.com/CheeziCrew/fondue/tui/screens/stale.go:111.3,111.42 1 1
github.com/CheeziCrew/fondue/tui/screens/stale.go:111.42,118.4 1 1
github.com/CheeziCrew/fondue/tui/screens/stale.go:120.2,120.16 1 1
github.com/CheeziCrew/fondue/tui/screens/stale.go:123.76,126.28 3 1
github.com/CheeziCrew/fondue/tui/screens/stale.go:126.28,127.39 1 1
github.com/CheeziCrew/fondue/tui/screens/stale.go:127.39,129.4 1 1
github.com/CheeziCrew/fondue/tui/screens/stale.go:130.3,130.45 1 1
github.com/CheeziCrew/fondue/tui/screens/stale.go:132.2,132.26 1 1
github.com/CheeziCrew/fondue/tui/screens/stale.go:135.69,140.28 4 1
github.com/CheeziCrew/fondue/tui/screens/stale.go:140.28,142.45 2 1
github.com/CheeziCrew/fondue/tui/screens/stale.go:142.45,144.4 1 1
github.com/CheeziCrew/fondue/tui/screens/stale.go:145.3,149.5 1 1
github.com/CheeziCrew/fondue/tui/screens/stale.go:151.2,152.19 2 1
github.com/CheeziCrew/fondue/tui/screens/stale.go:155.85,161.23 4 1
github.com/CheeziCrew/fondue/tui/screens/stale.go:161.23,164.3 2 1
github.com/CheeziCrew/fondue/tui/screens/stale.go:166.2,170.33 4 1
github.com/CheeziCrew/fondue/tui/screens/stale.go:170.33,172.3 1 1
github.com/CheeziCrew/fondue/tui/screens/stale.go:174.2,174.19 1 1
github.com/CheeziCrew/fondue/tui/screens/stale.go:177.45,179.2 1 1
github.com/CheeziCrew/fondue/tui/screens/stats.go:26.97,29.29 3 1
github.com/CheeziCrew/fondue/tui/screens/stats.go:29.29,33.3 3 1
github.com/CheeziCrew/fondue/tui/screens/stats.go:34.2,34.10 1 1
github.com/CheeziCrew/fondue/tui/screens/stats.go:37.36,37.50 1 1
github.com/CheeziCrew/fondue/tui/screens/stats.go:39.63,40.27 1 1
github.com/CheeziCrew/fondue/tui/screens/stats.go:41.25,44.19 3 1
github.com/CheeziCrew/fondue/tui/screens/stats.go:44.19,48.4 3 1
github.com/CheeziCrew/fondue/tui/screens/stats.go:48.9,51.4 2 1
github.com/CheeziCrew/fondue/tui/screens/stats.go:52.3,52.16 1 1
github.com/CheeziCrew/fondue/tui/screens/stats.go:54.23,55.23 1 1
github.com/CheeziCrew/fondue/tui/screens/stats.go:56.19,57.29 1 1
github.com/CheeziCrew/fondue/tui/screens/stats.go:57.29,57.55 1 1
github.com/CheeziCrew/fondue/tui/screens/stats.go:61.2,61.17 1 1
github.com/CheeziCrew/fondue/tui/screens/stats.go:61.17,65.3 3 1
github.com/CheeziCrew/fondue/tui/screens/stats.go:66.2,66.15 1 1
github.com/CheeziCrew/fondue/tui/screens/stats.go:69.35,70.18 1 1
github.com/CheeziCrew/fondue/tui/screens/stats.go:70.18,72.3 1 1
github.com/CheeziCrew/fondue/tui/screens/stats.go:74.2,77.65 3 1
github.com/CheeziCrew/fondue/tui/screens/stats.go:77.65,79.3 1 1
github.com/CheeziCrew/fondue/tui/screens/stats.go:80.2,82.55 2 1
github.com/CheeziCrew/fondue/tui/screens/stats.go:105.81,108.31 2 1
github.com/CheeziCrew/fondue/tui/screens/stats.go:108.31,117.26 7 1
github.com/CheeziCrew/fondue/tui/screens/stats.go:117.26,119.4 1 1
github.com/CheeziCrew/fondue/tui/screens/stats.go:121.3,123.16 3 1
github.com/CheeziCrew/fondue/tui/screens/stats.go:123.16,125.4 1 1
github.com/CheeziCrew/fondue/tui/screens/stats.go:128.3,129.10 2 1
github.com/CheeziCrew/fondue/tui/screens/stats.go:130.19,131.23 1 1
github.com/CheeziCrew/fondue/tui/screens/stats.go:132.19,133.23 1 1
github.com/CheeziCrew/fondue/tui/screens/stats.go:134.19,135.23 1 1
github.com/CheeziCrew/fondue/tui/screens/stats.go:136.20,137.23 1 1
github.com/CheeziCrew/fondue/tui/screens/stats.go:138.11,139.23 1 1
github.com/CheeziCrew/fondue/tui/screens/stats.go:143.2,143.33 1 1
github.com/CheeziCrew/fondue/tui/screens/stats.go:143.33,144.37 1 1
github.com/CheeziCrew/fondue/tui/screens/stats.go:144.37,144.71 1 1
github.com/CheeziCrew/fondue/tui/screens/stats.go:146.2,150.10 4 1
github.com/CheeziCrew/fondue/tui/screens/stats.go:155.88,159.23 3 1
github.com/CheeziCrew/fondue/tui/screens/stats.go:159.23,161.3 1 1
github.com/CheeziCrew/fondue/tui/screens/stats.go:163.2,183.30 9 1
github.com/CheeziCrew/fondue/tui/screens/stats.go:183.30,186.3 2 0
github.com/CheeziCrew/fondue/tui/screens/stats.go:189.2,189.25 1 1
github.com/CheeziCrew/fondue/tui/screens/stats.go:189.25,192.3 2 1
github.com/CheeziCrew/fondue/tui/screens/stats.go:194.2,194.19 1 1
github.com/CheeziCrew/fondue/tui/screens/stats.go:197.45,198.75 1 1
github.com/CheeziCrew/fondue/tui/screens/stats.go:198.75,208.3 4 1
github.com/CheeziCrew/fondue/tui/screens/stats.go:210.2,216.22 5 1
github.com/CheeziCrew/fondue/tui/screens/stats.go:216.22,219.3 2 1
github.com/CheeziCrew/fondue/tui/screens/stats.go:221.2,221.14 1 1
github.com/CheeziCrew/fondue/tui/screens/stats.go:224.45,228.35 3 1
github.com/CheeziCrew/fondue/tui/screens/stats.go:228.35,229.20 1 1
github.com/CheeziCrew/fondue/tui/screens/stats.go:229.20,231.4 1 1
github.com/CheeziCrew/fondue/tui/screens/stats.go:233.2,233.20 1 1
github.com/CheeziCrew/fondue/tui/screens/stats.go:233.20,235.3 1 1
github.com/CheeziCrew/fondue/tui/screens/stats.go:238.2,245.40 5 1
github.com/CheeziCrew/fondue/tui/screens/stats.go:245.40,248.40 3 1
github.com/CheeziCrew/fondue/tui/screens/stats.go:248.40,253.22 4 1
github.com/CheeziCrew/fondue/tui/screens/stats.go:253.22,256.5 2 1
github.com/CheeziCrew/fondue/tui/screens/stats.go:256.10,256.41 1 1
github.com/CheeziCrew/fondue/tui/screens/stats.go:256.41,260.5 2 0
github.com/CheeziCrew/fondue/tui/screens/stats.go:260.10,262.5 1 1
github.com/CheeziCrew/fondue/tui/screens/stats.go:264.3,264.22 1 1
github.com/CheeziCrew/fondue/tui/screens/stats.go:268.2,269.39 2 1
github.com/CheeziCrew/fondue/tui/screens/stats.go:269.39,272.3 2 1
github.com/CheeziCrew/fondue/tui/screens/stats.go:273.2,277.31 3 1
github.com/CheeziCrew/fondue/tui/screens/stats.go:277.31,280.3 2 1
github.com/CheeziCrew/fondue/tui/screens/stats.go:281.2,284.19 3 1
github.com/CheeziCrew/fondue/tui/screens/stats.go:287.81,289.22 2 1
github.com/CheeziCrew/fondue/tui/screens/stats.go:289.22,291.3 1 1
github.com/CheeziCrew/fondue/tui/screens/stats.go:293.2,294.45 2 1
github.com/CheeziCrew/fondue/tui/screens/stats.go:294.45,295.25 1 1
github.com/CheeziCrew/fondue/tui/screens/stats.go:295.25,297.4 1 1
github.com/CheeziCrew/fondue/tui/screens/stats.go:299.2,299.24 1 1
github.com/CheeziCrew/fondue/tui/screens/stats.go:299.24,301.3 1 1
github.com/CheeziCrew/fondue/tui/screens/stats.go:303.2,305.29 3 1
github.com/CheeziCrew/fondue/tui/screens/stats.go:305.29,306.30 1 1
github.com/CheeziCrew/fondue/tui/screens/stats.go:306.30,308.4 1 1
github.com/CheeziCrew/fondue/tui/screens/stats.go:310.2,310.20 1 1
github.com/CheeziCrew/fondue/tui/screens/stats.go:310.20,312.3 1 1
github.com/CheeziCrew/fondue/tui/screens/stats.go:314.2,315.22 2 1
github.com/CheeziCrew/fondue/tui/screens/stats.go:315.22,317.3 1 1
github.com/CheeziCrew/fondue/tui/screens/stats.go:319.2,320.29 2 1
github.com/CheeziCrew/fondue/tui/screens/stats.go:320.29,323.32 3 1
github.com/CheeziCrew/fondue/tui/screens/stats.go:323.32,325.4 1 0
github.com/CheeziCrew/fondue/tui/screens/stats.go:328.3,334.56 6 1
github.com/CheeziCrew/fondue/tui/screens/stats.go:336.2,336.19 1 1
github.com/CheeziCrew/fondue/tui/screens/stats.go:339.60,341.22 2 1
github.com/CheeziCrew/fondue/tui/screens/stats.go:341.22,343.3 1 1
github.com/CheeziCrew/fondue/tui/screens/stats.go:345.2,347.27 3 1
github.com/CheeziCrew/fondue/tui/screens/stats.go:347.27,348.37 1 1
github.com/CheeziCrew/fondue/tui/screens/stats.go:348.37,350.4 1 1
github.com/CheeziCrew/fondue/tui/screens/stats.go:352.2,352.20 1 1
github.com/CheeziCrew/fondue/tui/screens/stats.go:352.20,354.3 1 1
github.com/CheeziCrew/fondue/tui/screens/stats.go:356.2,357.22 2 1
github.com/CheeziCrew/fondue/tui/screens/stats.go:357.22,359.3 1 1
github.com/CheeziCrew/fondue/tui/screens/stats.go:361.2,362.27 2 1
github.com/CheeziCrew/fondue/tui/screens/stats.go:362.27,366.17 4 1
github.com/CheeziCrew/fondue/tui/screens/stats.go:366.17,368.4 1 0
github.com/CheeziCrew/fondue/tui/screens/stats.go:371.3,379.56 7 1
github.com/CheeziCrew/fondue/tui/screens/stats.go:381.2,381.19 1 1
github.com/CheeziCrew/fondue/tui/screens/stats.go:384.58,385.21 1 1
github.com/CheeziCrew/fondue/tui/screens/stats.go:385.21,388.27 2 1
github.com/CheeziCrew/fondue/tui/screens/stats.go:388.27,390.4 1 1
github.com/CheeziCrew/fondue/tui/screens/stats.go:391.3,391.95 1 1
github.com/CheeziCrew/fondue/tui/screens/stats.go:395.2,396.26 2 1
github.com/CheeziCrew/fondue/tui/screens/stats.go:396.26,398.3 1 1
github.com/CheeziCrew/fondue/tui/screens/stats.go:399.2,399.19 1 1
