mode: set
github.com/CheeziCrew/fondue/config.go:28.26,29.60 1 1
github.com/CheeziCrew/fondue/config.go:29.60,31.3 1 1
github.com/CheeziCrew/fondue/config.go:32.2,32.22 1 1
github.com/CheeziCrew/fondue/config.go:36.40,37.70 1 1
github.com/CheeziCrew/fondue/config.go:37.70,39.3 1 1
github.com/CheeziCrew/fondue/config.go:40.2,40.60 1 1
github.com/CheeziCrew/fondue/config.go:40.60,42.3 1 1
github.com/CheeziCrew/fondue/config.go:43.2,43.22 1 1
github.com/CheeziCrew/fondue/config.go:46.48,48.16 2 1
github.com/CheeziCrew/fondue/config.go:48.16,50.3 1 1
github.com/CheeziCrew/fondue/config.go:52.2,53.39 2 1
github.com/CheeziCrew/fondue/config.go:53.39,55.3 1 1
github.com/CheeziCrew/fondue/config.go:56.2,56.18 1 1
github.com/CheeziCrew/fondue/config.go:59.38,61.16 2 1
github.com/CheeziCrew/fondue/config.go:61.16,63.3 1 0
github.com/CheeziCrew/fondue/config.go:64.2,65.16 2 1
github.com/CheeziCrew/fondue/config.go:65.16,67.3 1 0
github.com/CheeziCrew/fondue/config.go:68.2,68.57 1 1
github.com/CheeziCrew/fondue/dotgen.go:11.98,13.2 1 0
github.com/CheeziCrew/fondue/main.go:26.13,31.27 4 0
github.com/CheeziCrew/fondue/main.go:31.27,32.14 1 0
github.com/CheeziCrew/fondue/main.go:33.23,34.19 1 0
github.com/CheeziCrew/fondue/main.go:35.23,36.19 1 0
github.com/CheeziCrew/fondue/main.go:37.22,38.18 1 0
github.com/CheeziCrew/fondue/main.go:39.23,41.10 2 0
github.com/CheeziCrew/fondue/main.go:42.26,44.10 2 0
github.com/CheeziCrew/fondue/main.go:45.11,46.20 1 0
github.com/CheeziCrew/fondue/main.go:50.2,54.22 3 0
github.com/CheeziCrew/fondue/main.go:54.22,56.3 1 0
github.com/CheeziCrew/fondue/main.go:59.2,59.48 1 0
github.com/CheeziCrew/fondue/main.go:59.48,61.17 2 0
github.com/CheeziCrew/fondue/main.go:61.17,64.4 2 0
github.com/CheeziCrew/fondue/main.go:65.3,65.47 1 0
github.com/CheeziCrew/fondue/main.go:69.2,79.16 5 0
github.com/CheeziCrew/fondue/main.go:79.16,82.3 2 0
github.com/CheeziCrew/fondue/main.go:84.2,86.14 2 0
github.com/CheeziCrew/fondue/main.go:87.16,88.27 1 0
github.com/CheeziCrew/fondue/main.go:89.16,90.22 1 0
github.com/CheeziCrew/fondue/main.go:91.15,92.41 1 0
github.com/CheeziCrew/fondue/main.go:93.10,95.36 2 0
github.com/CheeziCrew/fondue/main.go:95.36,98.4 2 0
github.com/CheeziCrew/fondue/main.go:102.19,130.2 1 0
github.com/CheeziCrew/fondue/main.go:132.68,133.31 1 0
github.com/CheeziCrew/fondue/main.go:133.31,135.16 2 0
github.com/CheeziCrew/fondue/main.go:135.16,137.4 1 0
github.com/CheeziCrew/fondue/main.go:138.3,140.16 3 0
github.com/CheeziCrew/fondue/main.go:140.16,142.4 1 0
github.com/CheeziCrew/fondue/main.go:143.3,143.32 1 0
github.com/CheeziCrew/fondue/main.go:143.32,145.39 2 0
github.com/CheeziCrew/fondue/main.go:145.39,147.5 1 0
github.com/CheeziCrew/fondue/main.go:148.4,148.50 1 0
github.com/CheeziCrew/fondue/main.go:150.3,150.16 1 0
github.com/CheeziCrew/fondue/main.go:164.44,166.31 2 0
github.com/CheeziCrew/fondue/main.go:166.31,168.42 2 0
github.com/CheeziCrew/fondue/main.go:168.42,170.4 1 0
github.com/CheeziCrew/fondue/main.go:171.3,177.4 1 0
github.com/CheeziCrew/fondue/main.go:180.2,182.17 3 0
