mode: set
github.com/CheeziCrew/fondue/tui/app.go:34.73,43.2 1 1
github.com/CheeziCrew/fondue/tui/app.go:45.31,47.2 1 1
github.com/CheeziCrew/fondue/tui/app.go:49.57,50.27 1 1
github.com/CheeziCrew/fondue/tui/app.go:51.25,56.33 4 1
github.com/CheeziCrew/fondue/tui/app.go:56.33,58.4 1 1
github.com/CheeziCrew/fondue/tui/app.go:59.3,59.31 1 1
github.com/CheeziCrew/fondue/tui/app.go:59.31,61.4 1 1
github.com/CheeziCrew/fondue/tui/app.go:62.3,62.31 1 1
github.com/CheeziCrew/fondue/tui/app.go:62.31,64.4 1 1
github.com/CheeziCrew/fondue/tui/app.go:65.3,65.16 1 1
github.com/CheeziCrew/fondue/tui/app.go:67.23,68.31 1 1
github.com/CheeziCrew/fondue/tui/app.go:68.31,70.4 1 1
github.com/CheeziCrew/fondue/tui/app.go:71.3,71.53 1 1
github.com/CheeziCrew/fondue/tui/app.go:71.53,73.4 1 1
github.com/CheeziCrew/fondue/tui/app.go:75.29,76.39 1 1
github.com/CheeziCrew/fondue/tui/app.go:78.29,81.28 3 1
github.com/CheeziCrew/fondue/tui/app.go:81.28,83.4 1 0
github.com/CheeziCrew/fondue/tui/app.go:85.30,86.34 1 1
github.com/CheeziCrew/fondue/tui/app.go:88.32,91.16 2 1
github.com/CheeziCrew/fondue/tui/app.go:95.2,96.19 2 1
github.com/CheeziCrew/fondue/tui/app.go:97.18,98.35 1 1
github.com/CheeziCrew/fondue/tui/app.go:99.21,100.41 1 1
github.com/CheeziCrew/fondue/tui/app.go:101.19,102.37 1 1
github.com/CheeziCrew/fondue/tui/app.go:103.19,104.37 1 1
github.com/CheeziCrew/fondue/tui/app.go:106.2,106.15 1 1
github.com/CheeziCrew/fondue/tui/app.go:109.68,112.24 3 1
github.com/CheeziCrew/fondue/tui/app.go:112.24,115.3 2 1
github.com/CheeziCrew/fondue/tui/app.go:118.72,119.28 1 1
github.com/CheeziCrew/fondue/tui/app.go:119.28,121.3 1 0
github.com/CheeziCrew/fondue/tui/app.go:123.2,123.21 1 1
github.com/CheeziCrew/fondue/tui/app.go:124.17,127.17 3 1
github.com/CheeziCrew/fondue/tui/app.go:128.15,131.17 3 1
github.com/CheeziCrew/fondue/tui/app.go:132.15,135.17 3 1
github.com/CheeziCrew/fondue/tui/app.go:137.2,137.12 1 1
github.com/CheeziCrew/fondue/tui/app.go:140.32,142.19 2 1
github.com/CheeziCrew/fondue/tui/app.go:143.18,144.26 1 1
github.com/CheeziCrew/fondue/tui/app.go:145.21,146.29 1 1
github.com/CheeziCrew/fondue/tui/app.go:147.19,148.27 1 1
github.com/CheeziCrew/fondue/tui/app.go:149.19,150.27 1 1
github.com/CheeziCrew/fondue/tui/app.go:152.2,155.10 4 1
