mode: set
github.com/CheeziCrew/fondue/scanner/scanner.go:76.75,78.16 2 1
github.com/CheeziCrew/fondue/scanner/scanner.go:78.16,80.3 1 0
github.com/CheeziCrew/fondue/scanner/scanner.go:82.2,86.16 4 1
github.com/CheeziCrew/fondue/scanner/scanner.go:86.16,88.3 1 0
github.com/CheeziCrew/fondue/scanner/scanner.go:90.2,96.43 5 1
github.com/CheeziCrew/fondue/scanner/scanner.go:96.43,98.3 1 1
github.com/CheeziCrew/fondue/scanner/scanner.go:100.2,100.27 1 1
github.com/CheeziCrew/fondue/scanner/scanner.go:103.129,104.34 1 1
github.com/CheeziCrew/fondue/scanner/scanner.go:104.34,106.17 2 1
github.com/CheeziCrew/fondue/scanner/scanner.go:106.17,108.4 1 0
github.com/CheeziCrew/fondue/scanner/scanner.go:109.3,109.28 1 1
github.com/CheeziCrew/fondue/scanner/scanner.go:109.28,111.10 2 1
github.com/CheeziCrew/fondue/scanner/scanner.go:111.10,113.5 1 1
github.com/CheeziCrew/fondue/scanner/scanner.go:116.2,116.22 1 1
github.com/CheeziCrew/fondue/scanner/scanner.go:119.128,120.42 1 1
github.com/CheeziCrew/fondue/scanner/scanner.go:120.42,123.9 3 1
github.com/CheeziCrew/fondue/scanner/scanner.go:123.9,125.4 1 1
github.com/CheeziCrew/fondue/scanner/scanner.go:127.2,127.17 1 1
github.com/CheeziCrew/fondue/scanner/scanner.go:130.86,132.33 2 1
github.com/CheeziCrew/fondue/scanner/scanner.go:132.33,134.3 1 1
github.com/CheeziCrew/fondue/scanner/scanner.go:135.2,135.78 1 1
github.com/CheeziCrew/fondue/scanner/scanner.go:135.78,137.3 1 1
github.com/CheeziCrew/fondue/scanner/scanner.go:138.2,138.24 1 1
github.com/CheeziCrew/fondue/scanner/scanner.go:138.24,140.3 1 1
github.com/CheeziCrew/fondue/scanner/scanner.go:141.2,150.9 4 1
github.com/CheeziCrew/fondue/scanner/scanner.go:153.61,154.26 1 1
github.com/CheeziCrew/fondue/scanner/scanner.go:154.26,155.43 1 1
github.com/CheeziCrew/fondue/scanner/scanner.go:155.43,157.4 1 1
github.com/CheeziCrew/fondue/scanner/scanner.go:161.60,162.39 1 1
github.com/CheeziCrew/fondue/scanner/scanner.go:162.39,164.3 1 1
github.com/CheeziCrew/fondue/scanner/scanner.go:165.2,166.70 2 1
github.com/CheeziCrew/fondue/scanner/scanner.go:166.70,168.23 2 1
github.com/CheeziCrew/fondue/scanner/scanner.go:168.23,169.56 1 1
github.com/CheeziCrew/fondue/scanner/scanner.go:169.56,172.5 2 1
github.com/CheeziCrew/fondue/scanner/scanner.go:177.60,179.26 2 1
github.com/CheeziCrew/fondue/scanner/scanner.go:179.26,180.50 1 1
github.com/CheeziCrew/fondue/scanner/scanner.go:180.50,182.50 2 1
github.com/CheeziCrew/fondue/scanner/scanner.go:182.50,184.5 1 1
github.com/CheeziCrew/fondue/scanner/scanner.go:188.2,188.26 1 1
github.com/CheeziCrew/fondue/scanner/scanner.go:188.26,189.53 1 1
github.com/CheeziCrew/fondue/scanner/scanner.go:189.53,192.4 2 1
github.com/CheeziCrew/fondue/scanner/scanner.go:198.60,200.33 2 1
github.com/CheeziCrew/fondue/scanner/scanner.go:200.33,206.35 6 1
github.com/CheeziCrew/fondue/scanner/scanner.go:206.35,209.4 2 1
github.com/CheeziCrew/fondue/scanner/scanner.go:209.9,212.4 2 1
github.com/CheeziCrew/fondue/scanner/scanner.go:214.2,214.31 1 1
github.com/CheeziCrew/fondue/scanner/scanner.go:218.62,220.29 2 1
github.com/CheeziCrew/fondue/scanner/scanner.go:220.29,222.3 1 1
github.com/CheeziCrew/fondue/scanner/scanner.go:223.2,223.28 1 1
github.com/CheeziCrew/fondue/scanner/scanner.go:226.55,228.40 2 1
github.com/CheeziCrew/fondue/scanner/scanner.go:228.40,230.3 1 1
github.com/CheeziCrew/fondue/scanner/scanner.go:231.2,232.43 2 1
github.com/CheeziCrew/fondue/scanner/scanner.go:232.43,234.3 1 0
github.com/CheeziCrew/fondue/scanner/scanner.go:235.2,235.11 1 1
github.com/CheeziCrew/fondue/scanner/scanner.go:238.56,240.2 1 1
github.com/CheeziCrew/fondue/scanner/scanner.go:251.46,260.93 3 1
github.com/CheeziCrew/fondue/scanner/scanner.go:260.93,261.70 1 1
github.com/CheeziCrew/fondue/scanner/scanner.go:261.70,263.4 1 1
github.com/CheeziCrew/fondue/scanner/scanner.go:264.3,264.52 1 1
github.com/CheeziCrew/fondue/scanner/scanner.go:266.2,266.16 1 1
github.com/CheeziCrew/fondue/scanner/scanner.go:266.16,268.3 1 0
github.com/CheeziCrew/fondue/scanner/scanner.go:270.2,272.50 2 1
github.com/CheeziCrew/fondue/scanner/scanner.go:272.50,274.3 1 0
github.com/CheeziCrew/fondue/scanner/scanner.go:276.2,276.24 1 1
github.com/CheeziCrew/fondue/scanner/scanner.go:279.73,281.43 2 1
github.com/CheeziCrew/fondue/scanner/scanner.go:281.43,283.3 1 1
github.com/CheeziCrew/fondue/scanner/scanner.go:284.2,284.19 1 1
github.com/CheeziCrew/fondue/scanner/scanner.go:284.19,286.3 1 1
github.com/CheeziCrew/fondue/scanner/scanner.go:288.2,289.51 2 1
github.com/CheeziCrew/fondue/scanner/scanner.go:289.51,291.3 1 1
github.com/CheeziCrew/fondue/scanner/scanner.go:293.2,294.16 2 1
github.com/CheeziCrew/fondue/scanner/scanner.go:294.16,296.3 1 1
github.com/CheeziCrew/fondue/scanner/scanner.go:298.2,299.12 2 1
github.com/CheeziCrew/fondue/scanner/scanner.go:302.32,304.26 2 1
github.com/CheeziCrew/fondue/scanner/scanner.go:304.26,305.16 1 1
github.com/CheeziCrew/fondue/scanner/scanner.go:305.16,307.4 1 1
github.com/CheeziCrew/fondue/scanner/scanner.go:309.2,309.14 1 1
github.com/CheeziCrew/fondue/scanner/scanner.go:312.62,313.76 1 1
github.com/CheeziCrew/fondue/scanner/scanner.go:313.76,315.16 2 1
github.com/CheeziCrew/fondue/scanner/scanner.go:315.16,317.4 1 1
github.com/CheeziCrew/fondue/scanner/scanner.go:319.2,319.83 1 1
github.com/CheeziCrew/fondue/scanner/scanner.go:319.83,321.16 2 1
github.com/CheeziCrew/fondue/scanner/scanner.go:321.16,323.4 1 1
github.com/CheeziCrew/fondue/scanner/scanner.go:327.43,328.34 1 1
github.com/CheeziCrew/fondue/scanner/scanner.go:328.34,329.45 1 1
github.com/CheeziCrew/fondue/scanner/scanner.go:329.45,332.4 2 1
github.com/CheeziCrew/fondue/scanner/scanner.go:336.48,338.26 2 1
github.com/CheeziCrew/fondue/scanner/scanner.go:338.26,339.45 1 1
github.com/CheeziCrew/fondue/scanner/scanner.go:339.45,341.4 1 1
github.com/CheeziCrew/fondue/scanner/scanner.go:343.2,343.11 1 1
github.com/CheeziCrew/fondue/scanner/scanner.go:346.89,347.21 1 1
github.com/CheeziCrew/fondue/scanner/scanner.go:347.21,350.3 2 1
github.com/CheeziCrew/fondue/scanner/scanner.go:355.48,357.16 2 1
github.com/CheeziCrew/fondue/scanner/scanner.go:357.16,359.3 1 1
github.com/CheeziCrew/fondue/scanner/scanner.go:361.2,362.38 2 1
github.com/CheeziCrew/fondue/scanner/scanner.go:362.38,364.3 1 1
github.com/CheeziCrew/fondue/scanner/scanner.go:366.2,366.78 1 1
github.com/CheeziCrew/fondue/scanner/scanner.go:366.78,368.3 1 1
github.com/CheeziCrew/fondue/scanner/scanner.go:369.2,369.11 1 1
github.com/CheeziCrew/fondue/scanner/scanner.go:374.69,376.16 2 1
github.com/CheeziCrew/fondue/scanner/scanner.go:376.16,378.3 1 1
github.com/CheeziCrew/fondue/scanner/scanner.go:381.2,382.25 2 1
github.com/CheeziCrew/fondue/scanner/scanner.go:382.25,384.3 1 1
github.com/CheeziCrew/fondue/scanner/scanner.go:386.2,387.41 2 1
github.com/CheeziCrew/fondue/scanner/scanner.go:387.41,389.21 2 1
github.com/CheeziCrew/fondue/scanner/scanner.go:389.21,390.12 1 1
github.com/CheeziCrew/fondue/scanner/scanner.go:393.3,394.20 2 1
github.com/CheeziCrew/fondue/scanner/scanner.go:394.20,395.12 1 1
github.com/CheeziCrew/fondue/scanner/scanner.go:398.3,399.37 2 1
github.com/CheeziCrew/fondue/scanner/scanner.go:402.2,402.30 1 1
github.com/CheeziCrew/fondue/scanner/scanner.go:402.30,404.47 2 1
github.com/CheeziCrew/fondue/scanner/scanner.go:404.47,405.32 1 1
github.com/CheeziCrew/fondue/scanner/scanner.go:405.32,407.10 2 1
github.com/CheeziCrew/fondue/scanner/scanner.go:415.49,417.73 2 1
github.com/CheeziCrew/fondue/scanner/scanner.go:417.73,419.52 2 1
github.com/CheeziCrew/fondue/scanner/scanner.go:419.52,420.54 1 1
github.com/CheeziCrew/fondue/scanner/scanner.go:420.54,421.57 1 1
github.com/CheeziCrew/fondue/scanner/scanner.go:421.57,424.6 1 1
github.com/CheeziCrew/fondue/scanner/scanner.go:427.3,427.21 1 1
github.com/CheeziCrew/fondue/scanner/scanner.go:427.21,429.4 1 1
github.com/CheeziCrew/fondue/scanner/scanner.go:433.2,436.28 4 1
github.com/CheeziCrew/fondue/scanner/scanner.go:436.28,438.3 1 1
github.com/CheeziCrew/fondue/scanner/scanner.go:439.2,439.14 1 1
github.com/CheeziCrew/fondue/scanner/scanner.go:442.53,448.27 2 1
github.com/CheeziCrew/fondue/scanner/scanner.go:448.27,450.42 2 1
github.com/CheeziCrew/fondue/scanner/scanner.go:450.42,452.4 1 1
github.com/CheeziCrew/fondue/scanner/scanner.go:454.2,454.11 1 1
github.com/CheeziCrew/fondue/scanner/scanner.go:459.45,461.16 2 1
github.com/CheeziCrew/fondue/scanner/scanner.go:461.16,463.3 1 1
github.com/CheeziCrew/fondue/scanner/scanner.go:465.2,469.52 4 1
github.com/CheeziCrew/fondue/scanner/scanner.go:469.52,471.3 1 1
github.com/CheeziCrew/fondue/scanner/scanner.go:472.2,472.11 1 1
github.com/CheeziCrew/fondue/scanner/scanner.go:475.52,479.2 3 1
github.com/CheeziCrew/fondue/scanner/scanner.go:481.56,482.26 1 1
github.com/CheeziCrew/fondue/scanner/scanner.go:482.26,483.15 1 1
github.com/CheeziCrew/fondue/scanner/scanner.go:483.15,485.4 1 1
github.com/CheeziCrew/fondue/scanner/scanner.go:487.2,487.27 1 1
github.com/CheeziCrew/fondue/scanner/scanner.go:492.60,493.26 1 1
github.com/CheeziCrew/fondue/scanner/scanner.go:493.26,494.31 1 1
github.com/CheeziCrew/fondue/scanner/scanner.go:494.31,496.4 1 1
github.com/CheeziCrew/fondue/scanner/scanner.go:498.2,498.12 1 1
github.com/CheeziCrew/fondue/scanner/scanner.go:501.71,503.41 2 1
github.com/CheeziCrew/fondue/scanner/scanner.go:503.41,504.30 1 1
github.com/CheeziCrew/fondue/scanner/scanner.go:504.30,505.12 1 1
github.com/CheeziCrew/fondue/scanner/scanner.go:507.3,508.23 2 1
github.com/CheeziCrew/fondue/scanner/scanner.go:508.23,509.12 1 1
github.com/CheeziCrew/fondue/scanner/scanner.go:511.3,512.44 2 1
github.com/CheeziCrew/fondue/scanner/scanner.go:512.44,513.12 1 1
github.com/CheeziCrew/fondue/scanner/scanner.go:515.3,515.42 1 1
github.com/CheeziCrew/fondue/scanner/scanner.go:515.42,517.4 1 1
github.com/CheeziCrew/fondue/scanner/scanner.go:519.2,519.14 1 1
